[2021-01-30T07:53:30.619+0200][gc,heap] Heap region size: 1M
[2021-01-30T07:53:30.626+0200][gc     ] Using G1
[2021-01-30T07:53:30.627+0200][gc,heap,coops] Heap address: 0x00000000c0000000, size: 1024 MB, Compressed Oops mode: 32-bit
[2021-01-30T07:53:30.627+0200][gc,cds       ] Mark closed archive regions in map: [0x00000000fff00000, 0x00000000fff6aff8]
[2021-01-30T07:53:30.627+0200][gc,cds       ] Mark open archive regions in map: [0x00000000ffe00000, 0x00000000ffe46ff8]
[2021-01-30T07:53:32.430+0200][gc,start     ] GC(0) Pause Young (Normal) (G1 Evacuation Pause)
[2021-01-30T07:53:32.432+0200][gc,task      ] GC(0) Using 8 workers of 8 for evacuation
[2021-01-30T07:53:32.445+0200][gc,phases    ] GC(0)   Pre Evacuate Collection Set: 0.0ms
[2021-01-30T07:53:32.445+0200][gc,phases    ] GC(0)   Evacuate Collection Set: 12.2ms
[2021-01-30T07:53:32.445+0200][gc,phases    ] GC(0)   Post Evacuate Collection Set: 0.6ms
[2021-01-30T07:53:32.445+0200][gc,phases    ] GC(0)   Other: 2.0ms
[2021-01-30T07:53:32.445+0200][gc,heap      ] GC(0) Eden regions: 51->0(44)
[2021-01-30T07:53:32.445+0200][gc,heap      ] GC(0) Survivor regions: 0->7(7)
[2021-01-30T07:53:32.445+0200][gc,heap      ] GC(0) Old regions: 2->2
[2021-01-30T07:53:32.445+0200][gc,heap      ] GC(0) Humongous regions: 0->0
[2021-01-30T07:53:32.445+0200][gc,metaspace ] GC(0) Metaspace: 15602K->15602K(1062912K)
[2021-01-30T07:53:32.445+0200][gc           ] GC(0) Pause Young (Normal) (G1 Evacuation Pause) 51M->7M(1024M) 14.926ms
[2021-01-30T07:53:32.445+0200][gc,cpu       ] GC(0) User=0.10s Sys=0.00s Real=0.02s
[2021-01-30T07:53:32.792+0200][gc,start     ] GC(1) Pause Young (Concurrent Start) (Metadata GC Threshold)
[2021-01-30T07:53:32.792+0200][gc,task      ] GC(1) Using 8 workers of 8 for evacuation
[2021-01-30T07:53:32.800+0200][gc,phases    ] GC(1)   Pre Evacuate Collection Set: 0.1ms
[2021-01-30T07:53:32.800+0200][gc,phases    ] GC(1)   Evacuate Collection Set: 7.7ms
[2021-01-30T07:53:32.800+0200][gc,phases    ] GC(1)   Post Evacuate Collection Set: 0.4ms
[2021-01-30T07:53:32.800+0200][gc,phases    ] GC(1)   Other: 0.2ms
[2021-01-30T07:53:32.800+0200][gc,heap      ] GC(1) Eden regions: 21->0(49)
[2021-01-30T07:53:32.800+0200][gc,heap      ] GC(1) Survivor regions: 7->2(7)
[2021-01-30T07:53:32.800+0200][gc,heap      ] GC(1) Old regions: 2->9
[2021-01-30T07:53:32.800+0200][gc,heap      ] GC(1) Humongous regions: 0->0
[2021-01-30T07:53:32.800+0200][gc,metaspace ] GC(1) Metaspace: 20593K->20593K(1067008K)
[2021-01-30T07:53:32.800+0200][gc           ] GC(1) Pause Young (Concurrent Start) (Metadata GC Threshold) 27M->8M(1024M) 8.465ms
[2021-01-30T07:53:32.800+0200][gc,cpu       ] GC(1) User=0.04s Sys=0.00s Real=0.01s
[2021-01-30T07:53:32.801+0200][gc           ] GC(2) Concurrent Cycle
[2021-01-30T07:53:32.801+0200][gc,marking   ] GC(2) Concurrent Clear Claimed Marks
[2021-01-30T07:53:32.801+0200][gc,marking   ] GC(2) Concurrent Clear Claimed Marks 0.028ms
[2021-01-30T07:53:32.801+0200][gc,marking   ] GC(2) Concurrent Scan Root Regions
[2021-01-30T07:53:32.802+0200][gc,marking   ] GC(2) Concurrent Scan Root Regions 1.334ms
[2021-01-30T07:53:32.802+0200][gc,marking   ] GC(2) Concurrent Mark (2.186s)
[2021-01-30T07:53:32.802+0200][gc,marking   ] GC(2) Concurrent Mark From Roots
[2021-01-30T07:53:32.802+0200][gc,task      ] GC(2) Using 2 workers of 2 for marking
[2021-01-30T07:53:32.808+0200][gc,marking   ] GC(2) Concurrent Mark From Roots 5.632ms
[2021-01-30T07:53:32.808+0200][gc,marking   ] GC(2) Concurrent Preclean
[2021-01-30T07:53:32.808+0200][gc,marking   ] GC(2) Concurrent Preclean 0.119ms
[2021-01-30T07:53:32.808+0200][gc,marking   ] GC(2) Concurrent Mark (2.186s, 2.191s) 5.799ms
[2021-01-30T07:53:32.808+0200][gc,start     ] GC(2) Pause Remark
[2021-01-30T07:53:32.813+0200][gc,stringtable] GC(2) Cleaned string and symbol table, strings: 5099 processed, 0 removed, symbols: 50687 processed, 42 removed
[2021-01-30T07:53:32.813+0200][gc            ] GC(2) Pause Remark 8M->8M(1024M) 5.115ms
[2021-01-30T07:53:32.813+0200][gc,cpu        ] GC(2) User=0.03s Sys=0.00s Real=0.00s
[2021-01-30T07:53:32.813+0200][gc,marking    ] GC(2) Concurrent Rebuild Remembered Sets
[2021-01-30T07:53:32.817+0200][gc,marking    ] GC(2) Concurrent Rebuild Remembered Sets 3.823ms
[2021-01-30T07:53:32.817+0200][gc,start      ] GC(2) Pause Cleanup
[2021-01-30T07:53:32.817+0200][gc            ] GC(2) Pause Cleanup 9M->9M(1024M) 0.159ms
[2021-01-30T07:53:32.817+0200][gc,cpu        ] GC(2) User=0.00s Sys=0.00s Real=0.00s
[2021-01-30T07:53:32.817+0200][gc,marking    ] GC(2) Concurrent Cleanup for Next Mark
[2021-01-30T07:53:32.822+0200][gc,marking    ] GC(2) Concurrent Cleanup for Next Mark 4.980ms
[2021-01-30T07:53:32.822+0200][gc            ] GC(2) Concurrent Cycle 21.687ms
[2021-01-30T07:53:33.541+0200][gc,start      ] GC(3) Pause Young (Normal) (G1 Evacuation Pause)
[2021-01-30T07:53:33.541+0200][gc,task       ] GC(3) Using 8 workers of 8 for evacuation
[2021-01-30T07:53:33.544+0200][gc,phases     ] GC(3)   Pre Evacuate Collection Set: 0.0ms
[2021-01-30T07:53:33.544+0200][gc,phases     ] GC(3)   Evacuate Collection Set: 3.1ms
[2021-01-30T07:53:33.544+0200][gc,phases     ] GC(3)   Post Evacuate Collection Set: 0.4ms
[2021-01-30T07:53:33.544+0200][gc,phases     ] GC(3)   Other: 0.1ms
[2021-01-30T07:53:33.544+0200][gc,heap       ] GC(3) Eden regions: 49->0(46)
[2021-01-30T07:53:33.544+0200][gc,heap       ] GC(3) Survivor regions: 2->5(7)
[2021-01-30T07:53:33.544+0200][gc,heap       ] GC(3) Old regions: 9->9
[2021-01-30T07:53:33.545+0200][gc,heap       ] GC(3) Humongous regions: 129->129
[2021-01-30T07:53:33.545+0200][gc,metaspace  ] GC(3) Metaspace: 29857K->29857K(1077248K)
[2021-01-30T07:53:33.545+0200][gc            ] GC(3) Pause Young (Normal) (G1 Evacuation Pause) 186M->140M(1024M) 3.770ms
[2021-01-30T07:53:33.545+0200][gc,cpu        ] GC(3) User=0.02s Sys=0.00s Real=0.01s
[2021-01-30T07:53:58.835+0200][gc,start      ] GC(4) Pause Young (Concurrent Start) (Metadata GC Threshold)
[2021-01-30T07:53:58.836+0200][gc,task       ] GC(4) Using 8 workers of 8 for evacuation
[2021-01-30T07:53:58.855+0200][gc,phases     ] GC(4)   Pre Evacuate Collection Set: 0.2ms
[2021-01-30T07:53:58.855+0200][gc,phases     ] GC(4)   Evacuate Collection Set: 17.1ms
[2021-01-30T07:53:58.855+0200][gc,phases     ] GC(4)   Post Evacuate Collection Set: 1.2ms
[2021-01-30T07:53:58.855+0200][gc,phases     ] GC(4)   Other: 0.6ms
[2021-01-30T07:53:58.855+0200][gc,heap       ] GC(4) Eden regions: 22->0(49)
[2021-01-30T07:53:58.855+0200][gc,heap       ] GC(4) Survivor regions: 5->2(7)
[2021-01-30T07:53:58.855+0200][gc,heap       ] GC(4) Old regions: 9->13
[2021-01-30T07:53:58.855+0200][gc,heap       ] GC(4) Humongous regions: 129->129
[2021-01-30T07:53:58.855+0200][gc,metaspace  ] GC(4) Metaspace: 34575K->34575K(1081344K)
[2021-01-30T07:53:58.855+0200][gc            ] GC(4) Pause Young (Concurrent Start) (Metadata GC Threshold) 162M->142M(1024M) 19.440ms
[2021-01-30T07:53:58.855+0200][gc,cpu        ] GC(4) User=0.08s Sys=0.01s Real=0.02s
[2021-01-30T07:53:58.855+0200][gc            ] GC(5) Concurrent Cycle
[2021-01-30T07:53:58.855+0200][gc,marking    ] GC(5) Concurrent Clear Claimed Marks
[2021-01-30T07:53:58.855+0200][gc,marking    ] GC(5) Concurrent Clear Claimed Marks 0.212ms
[2021-01-30T07:53:58.855+0200][gc,marking    ] GC(5) Concurrent Scan Root Regions
[2021-01-30T07:53:58.858+0200][gc,marking    ] GC(5) Concurrent Scan Root Regions 2.695ms
[2021-01-30T07:53:58.858+0200][gc,marking    ] GC(5) Concurrent Mark (28.242s)
[2021-01-30T07:53:58.858+0200][gc,marking    ] GC(5) Concurrent Mark From Roots
[2021-01-30T07:53:58.858+0200][gc,task       ] GC(5) Using 2 workers of 2 for marking
[2021-01-30T07:53:58.879+0200][gc,marking    ] GC(5) Concurrent Mark From Roots 20.969ms
[2021-01-30T07:53:58.879+0200][gc,marking    ] GC(5) Concurrent Preclean
[2021-01-30T07:53:58.879+0200][gc,marking    ] GC(5) Concurrent Preclean 0.167ms
[2021-01-30T07:53:58.879+0200][gc,marking    ] GC(5) Concurrent Mark (28.242s, 28.263s) 21.238ms
[2021-01-30T07:53:58.880+0200][gc,start      ] GC(5) Pause Remark
[2021-01-30T07:53:58.882+0200][gc,stringtable] GC(5) Cleaned string and symbol table, strings: 10082 processed, 11 removed, symbols: 79898 processed, 8 removed
[2021-01-30T07:53:58.882+0200][gc            ] GC(5) Pause Remark 143M->143M(1024M) 2.551ms
[2021-01-30T07:53:58.882+0200][gc,cpu        ] GC(5) User=0.01s Sys=0.00s Real=0.00s
[2021-01-30T07:53:58.882+0200][gc,marking    ] GC(5) Concurrent Rebuild Remembered Sets
[2021-01-30T07:53:58.889+0200][gc,marking    ] GC(5) Concurrent Rebuild Remembered Sets 6.270ms
[2021-01-30T07:53:58.889+0200][gc,start      ] GC(5) Pause Cleanup
[2021-01-30T07:53:58.889+0200][gc            ] GC(5) Pause Cleanup 143M->143M(1024M) 0.161ms
[2021-01-30T07:53:58.889+0200][gc,cpu        ] GC(5) User=0.00s Sys=0.00s Real=0.00s
[2021-01-30T07:53:58.889+0200][gc,marking    ] GC(5) Concurrent Cleanup for Next Mark
[2021-01-30T07:53:58.893+0200][gc,marking    ] GC(5) Concurrent Cleanup for Next Mark 3.963ms
[2021-01-30T07:53:58.893+0200][gc            ] GC(5) Concurrent Cycle 37.868ms
[2021-01-30T09:29:14.242+0200][gc,start      ] GC(6) Pause Young (Normal) (G1 Evacuation Pause)
[2021-01-30T09:29:14.243+0200][gc,task       ] GC(6) Using 8 workers of 8 for evacuation
[2021-01-30T09:29:14.249+0200][gc,phases     ] GC(6)   Pre Evacuate Collection Set: 0.0ms
[2021-01-30T09:29:14.249+0200][gc,phases     ] GC(6)   Evacuate Collection Set: 5.4ms
[2021-01-30T09:29:14.249+0200][gc,phases     ] GC(6)   Post Evacuate Collection Set: 0.7ms
[2021-01-30T09:29:14.249+0200][gc,phases     ] GC(6)   Other: 0.4ms
[2021-01-30T09:29:14.249+0200][gc,heap       ] GC(6) Eden regions: 49->0(48)
[2021-01-30T09:29:14.249+0200][gc,heap       ] GC(6) Survivor regions: 2->3(7)
[2021-01-30T09:29:14.249+0200][gc,heap       ] GC(6) Old regions: 13->13
[2021-01-30T09:29:14.249+0200][gc,heap       ] GC(6) Humongous regions: 129->129
[2021-01-30T09:29:14.249+0200][gc,metaspace  ] GC(6) Metaspace: 37894K->37894K(1083392K)
[2021-01-30T09:29:14.249+0200][gc            ] GC(6) Pause Young (Normal) (G1 Evacuation Pause) 191M->142M(1024M) 6.665ms
[2021-01-30T09:29:14.249+0200][gc,cpu        ] GC(6) User=0.05s Sys=0.00s Real=0.01s
[2021-01-30T10:26:46.813+0200][gc,start      ] GC(7) Pause Young (Normal) (G1 Evacuation Pause)
[2021-01-30T10:26:46.813+0200][gc,task       ] GC(7) Using 8 workers of 8 for evacuation
[2021-01-30T10:26:46.825+0200][gc,phases     ] GC(7)   Pre Evacuate Collection Set: 0.1ms
[2021-01-30T10:26:46.825+0200][gc,phases     ] GC(7)   Evacuate Collection Set: 7.8ms
[2021-01-30T10:26:46.825+0200][gc,phases     ] GC(7)   Post Evacuate Collection Set: 3.5ms
[2021-01-30T10:26:46.825+0200][gc,phases     ] GC(7)   Other: 0.5ms
[2021-01-30T10:26:46.825+0200][gc,heap       ] GC(7) Eden regions: 48->0(49)
[2021-01-30T10:26:46.825+0200][gc,heap       ] GC(7) Survivor regions: 3->2(7)
[2021-01-30T10:26:46.825+0200][gc,heap       ] GC(7) Old regions: 13->13
[2021-01-30T10:26:46.825+0200][gc,heap       ] GC(7) Humongous regions: 129->129
[2021-01-30T10:26:46.825+0200][gc,metaspace  ] GC(7) Metaspace: 38120K->38120K(1083392K)
[2021-01-30T10:26:46.825+0200][gc            ] GC(7) Pause Young (Normal) (G1 Evacuation Pause) 190M->142M(1024M) 12.104ms
[2021-01-30T10:26:46.826+0200][gc,cpu        ] GC(7) User=0.06s Sys=0.00s Real=0.01s
[2021-01-30T12:43:04.461+0200][gc,start      ] GC(8) Pause Young (Normal) (G1 Evacuation Pause)
[2021-01-30T12:43:04.462+0200][gc,task       ] GC(8) Using 8 workers of 8 for evacuation
[2021-01-30T12:43:04.468+0200][gc,phases     ] GC(8)   Pre Evacuate Collection Set: 0.0ms
[2021-01-30T12:43:04.468+0200][gc,phases     ] GC(8)   Evacuate Collection Set: 4.7ms
[2021-01-30T12:43:04.468+0200][gc,phases     ] GC(8)   Post Evacuate Collection Set: 1.4ms
[2021-01-30T12:43:04.468+0200][gc,phases     ] GC(8)   Other: 0.5ms
[2021-01-30T12:43:04.468+0200][gc,heap       ] GC(8) Eden regions: 49->0(49)
[2021-01-30T12:43:04.468+0200][gc,heap       ] GC(8) Survivor regions: 2->2(7)
[2021-01-30T12:43:04.468+0200][gc,heap       ] GC(8) Old regions: 13->13
[2021-01-30T12:43:04.468+0200][gc,heap       ] GC(8) Humongous regions: 129->129
[2021-01-30T12:43:04.468+0200][gc,metaspace  ] GC(8) Metaspace: 38213K->38213K(1083392K)
[2021-01-30T12:43:04.468+0200][gc            ] GC(8) Pause Young (Normal) (G1 Evacuation Pause) 191M->142M(1024M) 6.985ms
[2021-01-30T12:43:04.468+0200][gc,cpu        ] GC(8) User=0.04s Sys=0.00s Real=0.01s
[2021-01-30T13:42:35.774+0200][gc,start      ] GC(9) Pause Young (Normal) (G1 Evacuation Pause)
[2021-01-30T13:42:35.774+0200][gc,task       ] GC(9) Using 8 workers of 8 for evacuation
[2021-01-30T13:42:35.783+0200][gc,phases     ] GC(9)   Pre Evacuate Collection Set: 0.0ms
[2021-01-30T13:42:35.784+0200][gc,phases     ] GC(9)   Evacuate Collection Set: 5.5ms
[2021-01-30T13:42:35.784+0200][gc,phases     ] GC(9)   Post Evacuate Collection Set: 3.4ms
[2021-01-30T13:42:35.784+0200][gc,phases     ] GC(9)   Other: 0.5ms
[2021-01-30T13:42:35.784+0200][gc,heap       ] GC(9) Eden regions: 49->0(49)
[2021-01-30T13:42:35.784+0200][gc,heap       ] GC(9) Survivor regions: 2->2(7)
[2021-01-30T13:42:35.784+0200][gc,heap       ] GC(9) Old regions: 13->13
[2021-01-30T13:42:35.784+0200][gc,heap       ] GC(9) Humongous regions: 129->129
[2021-01-30T13:42:35.784+0200][gc,metaspace  ] GC(9) Metaspace: 38257K->38257K(1083392K)
[2021-01-30T13:42:35.784+0200][gc            ] GC(9) Pause Young (Normal) (G1 Evacuation Pause) 191M->142M(1024M) 9.862ms
[2021-01-30T13:42:35.784+0200][gc,cpu        ] GC(9) User=0.06s Sys=0.00s Real=0.01s
[2021-01-30T14:42:14.913+0200][gc,start      ] GC(10) Pause Young (Normal) (G1 Evacuation Pause)
[2021-01-30T14:42:14.938+0200][gc,task       ] GC(10) Using 8 workers of 8 for evacuation
[2021-01-30T14:42:14.946+0200][gc,phases     ] GC(10)   Pre Evacuate Collection Set: 0.0ms
[2021-01-30T14:42:14.946+0200][gc,phases     ] GC(10)   Evacuate Collection Set: 6.4ms
[2021-01-30T14:42:14.946+0200][gc,phases     ] GC(10)   Post Evacuate Collection Set: 1.6ms
[2021-01-30T14:42:14.946+0200][gc,phases     ] GC(10)   Other: 25.8ms
[2021-01-30T14:42:14.946+0200][gc,heap       ] GC(10) Eden regions: 49->0(50)
[2021-01-30T14:42:14.946+0200][gc,heap       ] GC(10) Survivor regions: 2->2(7)
[2021-01-30T14:42:14.946+0200][gc,heap       ] GC(10) Old regions: 13->13
[2021-01-30T14:42:14.946+0200][gc,heap       ] GC(10) Humongous regions: 129->129
[2021-01-30T14:42:14.947+0200][gc,metaspace  ] GC(10) Metaspace: 38300K->38300K(1083392K)
[2021-01-30T14:42:14.947+0200][gc            ] GC(10) Pause Young (Normal) (G1 Evacuation Pause) 191M->142M(1024M) 33.946ms
[2021-01-30T14:42:14.947+0200][gc,cpu        ] GC(10) User=0.05s Sys=0.00s Real=0.04s
[2021-01-30T15:43:17.004+0200][gc,start      ] GC(11) Pause Young (Normal) (G1 Evacuation Pause)
[2021-01-30T15:43:17.004+0200][gc,task       ] GC(11) Using 8 workers of 8 for evacuation
[2021-01-30T15:43:17.018+0200][gc,phases     ] GC(11)   Pre Evacuate Collection Set: 0.0ms
[2021-01-30T15:43:17.018+0200][gc,phases     ] GC(11)   Evacuate Collection Set: 7.6ms
[2021-01-30T15:43:17.018+0200][gc,phases     ] GC(11)   Post Evacuate Collection Set: 5.9ms
[2021-01-30T15:43:17.018+0200][gc,phases     ] GC(11)   Other: 0.5ms
[2021-01-30T15:43:17.018+0200][gc,heap       ] GC(11) Eden regions: 50->0(51)
[2021-01-30T15:43:17.018+0200][gc,heap       ] GC(11) Survivor regions: 2->2(7)
[2021-01-30T15:43:17.018+0200][gc,heap       ] GC(11) Old regions: 13->13
[2021-01-30T15:43:17.018+0200][gc,heap       ] GC(11) Humongous regions: 129->129
[2021-01-30T15:43:17.018+0200][gc,metaspace  ] GC(11) Metaspace: 38326K->38326K(1083392K)
[2021-01-30T15:43:17.018+0200][gc            ] GC(11) Pause Young (Normal) (G1 Evacuation Pause) 192M->142M(1024M) 14.618ms
[2021-01-30T15:43:17.018+0200][gc,cpu        ] GC(11) User=0.07s Sys=0.00s Real=0.01s
[2021-01-30T16:45:40.603+0200][gc,start      ] GC(12) Pause Young (Normal) (G1 Evacuation Pause)
[2021-01-30T16:45:40.604+0200][gc,task       ] GC(12) Using 8 workers of 8 for evacuation
[2021-01-30T16:45:40.609+0200][gc,phases     ] GC(12)   Pre Evacuate Collection Set: 0.0ms
[2021-01-30T16:45:40.609+0200][gc,phases     ] GC(12)   Evacuate Collection Set: 4.2ms
[2021-01-30T16:45:40.609+0200][gc,phases     ] GC(12)   Post Evacuate Collection Set: 1.2ms
[2021-01-30T16:45:40.609+0200][gc,phases     ] GC(12)   Other: 0.4ms
[2021-01-30T16:45:40.609+0200][gc,heap       ] GC(12) Eden regions: 51->0(54)
[2021-01-30T16:45:40.609+0200][gc,heap       ] GC(12) Survivor regions: 2->2(7)
[2021-01-30T16:45:40.610+0200][gc,heap       ] GC(12) Old regions: 13->13
[2021-01-30T16:45:40.610+0200][gc,heap       ] GC(12) Humongous regions: 129->129
[2021-01-30T16:45:40.610+0200][gc,metaspace  ] GC(12) Metaspace: 38340K->38340K(1083392K)
[2021-01-30T16:45:40.610+0200][gc            ] GC(12) Pause Young (Normal) (G1 Evacuation Pause) 193M->142M(1024M) 6.161ms
[2021-01-30T16:45:40.610+0200][gc,cpu        ] GC(12) User=0.04s Sys=0.00s Real=0.00s
[2021-01-30T17:51:44.519+0200][gc,start      ] GC(13) Pause Young (Normal) (G1 Evacuation Pause)
[2021-01-30T17:51:44.563+0200][gc,task       ] GC(13) Using 8 workers of 8 for evacuation
[2021-01-30T17:51:44.568+0200][gc,phases     ] GC(13)   Pre Evacuate Collection Set: 0.0ms
[2021-01-30T17:51:44.568+0200][gc,phases     ] GC(13)   Evacuate Collection Set: 4.3ms
[2021-01-30T17:51:44.568+0200][gc,phases     ] GC(13)   Post Evacuate Collection Set: 0.8ms
[2021-01-30T17:51:44.568+0200][gc,phases     ] GC(13)   Other: 44.7ms
[2021-01-30T17:51:44.568+0200][gc,heap       ] GC(13) Eden regions: 54->0(57)
[2021-01-30T17:51:44.568+0200][gc,heap       ] GC(13) Survivor regions: 2->2(7)
[2021-01-30T17:51:44.568+0200][gc,heap       ] GC(13) Old regions: 13->13
[2021-01-30T17:51:44.568+0200][gc,heap       ] GC(13) Humongous regions: 129->129
[2021-01-30T17:51:44.568+0200][gc,metaspace  ] GC(13) Metaspace: 38356K->38356K(1083392K)
[2021-01-30T17:51:44.569+0200][gc            ] GC(13) Pause Young (Normal) (G1 Evacuation Pause) 196M->142M(1024M) 49.839ms
[2021-01-30T17:51:44.569+0200][gc,cpu        ] GC(13) User=0.03s Sys=0.00s Real=0.05s
[2021-01-30T19:01:47.178+0200][gc,start      ] GC(14) Pause Young (Normal) (G1 Evacuation Pause)
[2021-01-30T19:01:47.178+0200][gc,task       ] GC(14) Using 8 workers of 8 for evacuation
[2021-01-30T19:01:47.187+0200][gc,phases     ] GC(14)   Pre Evacuate Collection Set: 0.1ms
[2021-01-30T19:01:47.187+0200][gc,phases     ] GC(14)   Evacuate Collection Set: 6.0ms
[2021-01-30T19:01:47.187+0200][gc,phases     ] GC(14)   Post Evacuate Collection Set: 2.4ms
[2021-01-30T19:01:47.187+0200][gc,phases     ] GC(14)   Other: 0.6ms
[2021-01-30T19:01:47.187+0200][gc,heap       ] GC(14) Eden regions: 57->0(61)
[2021-01-30T19:01:47.187+0200][gc,heap       ] GC(14) Survivor regions: 2->2(8)
[2021-01-30T19:01:47.187+0200][gc,heap       ] GC(14) Old regions: 13->13
[2021-01-30T19:01:47.187+0200][gc,heap       ] GC(14) Humongous regions: 129->129
[2021-01-30T19:01:47.187+0200][gc,metaspace  ] GC(14) Metaspace: 38380K->38380K(1083392K)
[2021-01-30T19:01:47.187+0200][gc            ] GC(14) Pause Young (Normal) (G1 Evacuation Pause) 199M->142M(1024M) 9.322ms
[2021-01-30T19:01:47.187+0200][gc,cpu        ] GC(14) User=0.05s Sys=0.00s Real=0.01s
[2021-01-30T20:16:47.812+0200][gc,start      ] GC(15) Pause Young (Normal) (G1 Evacuation Pause)
[2021-01-30T20:16:47.812+0200][gc,task       ] GC(15) Using 8 workers of 8 for evacuation
[2021-01-30T20:16:47.825+0200][gc,phases     ] GC(15)   Pre Evacuate Collection Set: 0.0ms
[2021-01-30T20:16:47.825+0200][gc,phases     ] GC(15)   Evacuate Collection Set: 8.4ms
[2021-01-30T20:16:47.825+0200][gc,phases     ] GC(15)   Post Evacuate Collection Set: 3.7ms
[2021-01-30T20:16:47.825+0200][gc,phases     ] GC(15)   Other: 0.5ms
[2021-01-30T20:16:47.825+0200][gc,heap       ] GC(15) Eden regions: 61->0(64)
[2021-01-30T20:16:47.825+0200][gc,heap       ] GC(15) Survivor regions: 2->2(8)
[2021-01-30T20:16:47.825+0200][gc,heap       ] GC(15) Old regions: 13->13
[2021-01-30T20:16:47.825+0200][gc,heap       ] GC(15) Humongous regions: 129->129
[2021-01-30T20:16:47.825+0200][gc,metaspace  ] GC(15) Metaspace: 38384K->38384K(1083392K)
[2021-01-30T20:16:47.825+0200][gc            ] GC(15) Pause Young (Normal) (G1 Evacuation Pause) 203M->142M(1024M) 13.249ms
[2021-01-30T20:16:47.825+0200][gc,cpu        ] GC(15) User=0.07s Sys=0.00s Real=0.02s
[2021-01-30T21:35:32.812+0200][gc,start      ] GC(16) Pause Young (Normal) (G1 Evacuation Pause)
[2021-01-30T21:35:32.812+0200][gc,task       ] GC(16) Using 8 workers of 8 for evacuation
[2021-01-30T21:35:32.819+0200][gc,phases     ] GC(16)   Pre Evacuate Collection Set: 0.0ms
[2021-01-30T21:35:32.819+0200][gc,phases     ] GC(16)   Evacuate Collection Set: 3.9ms
[2021-01-30T21:35:32.819+0200][gc,phases     ] GC(16)   Post Evacuate Collection Set: 2.5ms
[2021-01-30T21:35:32.819+0200][gc,phases     ] GC(16)   Other: 0.3ms
[2021-01-30T21:35:32.819+0200][gc,heap       ] GC(16) Eden regions: 64->0(68)
[2021-01-30T21:35:32.819+0200][gc,heap       ] GC(16) Survivor regions: 2->2(9)
[2021-01-30T21:35:32.819+0200][gc,heap       ] GC(16) Old regions: 13->13
[2021-01-30T21:35:32.819+0200][gc,heap       ] GC(16) Humongous regions: 129->129
[2021-01-30T21:35:32.819+0200][gc,metaspace  ] GC(16) Metaspace: 38392K->38392K(1083392K)
[2021-01-30T21:35:32.819+0200][gc            ] GC(16) Pause Young (Normal) (G1 Evacuation Pause) 206M->142M(1024M) 6.956ms
[2021-01-30T21:35:32.819+0200][gc,cpu        ] GC(16) User=0.04s Sys=0.00s Real=0.01s
[2021-01-30T22:59:17.532+0200][gc,start      ] GC(17) Pause Young (Normal) (G1 Evacuation Pause)
[2021-01-30T22:59:17.532+0200][gc,task       ] GC(17) Using 8 workers of 8 for evacuation
[2021-01-30T22:59:17.537+0200][gc,phases     ] GC(17)   Pre Evacuate Collection Set: 0.0ms
[2021-01-30T22:59:17.537+0200][gc,phases     ] GC(17)   Evacuate Collection Set: 2.6ms
[2021-01-30T22:59:17.537+0200][gc,phases     ] GC(17)   Post Evacuate Collection Set: 2.2ms
[2021-01-30T22:59:17.537+0200][gc,phases     ] GC(17)   Other: 0.2ms
[2021-01-30T22:59:17.537+0200][gc,heap       ] GC(17) Eden regions: 68->0(74)
[2021-01-30T22:59:17.537+0200][gc,heap       ] GC(17) Survivor regions: 2->2(9)
[2021-01-30T22:59:17.537+0200][gc,heap       ] GC(17) Old regions: 13->13
[2021-01-30T22:59:17.537+0200][gc,heap       ] GC(17) Humongous regions: 129->129
[2021-01-30T22:59:17.537+0200][gc,metaspace  ] GC(17) Metaspace: 38394K->38394K(1083392K)
[2021-01-30T22:59:17.537+0200][gc            ] GC(17) Pause Young (Normal) (G1 Evacuation Pause) 210M->142M(1024M) 5.212ms
[2021-01-30T22:59:17.537+0200][gc,cpu        ] GC(17) User=0.03s Sys=0.00s Real=0.01s
