[2021-01-19T02:43:55.459+0200][gc,heap] Heap region size: 1M
[2021-01-19T02:43:55.480+0200][gc     ] Using G1
[2021-01-19T02:43:55.480+0200][gc,heap,coops] Heap address: 0x00000000c0000000, size: 1024 MB, Compressed Oops mode: 32-bit
[2021-01-19T02:43:55.481+0200][gc,cds       ] Mark closed archive regions in map: [0x00000000fff00000, 0x00000000fff6aff8]
[2021-01-19T02:43:55.481+0200][gc,cds       ] Mark open archive regions in map: [0x00000000ffe00000, 0x00000000ffe46ff8]
[2021-01-19T02:43:56.762+0200][gc,start     ] GC(0) Pause Young (Normal) (G1 Evacuation Pause)
[2021-01-19T02:43:56.764+0200][gc,task      ] GC(0) Using 8 workers of 8 for evacuation
[2021-01-19T02:43:56.783+0200][gc,phases    ] GC(0)   Pre Evacuate Collection Set: 0.0ms
[2021-01-19T02:43:56.783+0200][gc,phases    ] GC(0)   Evacuate Collection Set: 17.7ms
[2021-01-19T02:43:56.783+0200][gc,phases    ] GC(0)   Post Evacuate Collection Set: 0.6ms
[2021-01-19T02:43:56.783+0200][gc,phases    ] GC(0)   Other: 2.4ms
[2021-01-19T02:43:56.783+0200][gc,heap      ] GC(0) Eden regions: 51->0(44)
[2021-01-19T02:43:56.783+0200][gc,heap      ] GC(0) Survivor regions: 0->7(7)
[2021-01-19T02:43:56.783+0200][gc,heap      ] GC(0) Old regions: 2->2
[2021-01-19T02:43:56.783+0200][gc,heap      ] GC(0) Humongous regions: 0->0
[2021-01-19T02:43:56.783+0200][gc,metaspace ] GC(0) Metaspace: 15608K->15608K(1062912K)
[2021-01-19T02:43:56.783+0200][gc           ] GC(0) Pause Young (Normal) (G1 Evacuation Pause) 51M->7M(1024M) 20.804ms
[2021-01-19T02:43:56.783+0200][gc,cpu       ] GC(0) User=0.11s Sys=0.02s Real=0.02s
[2021-01-19T02:43:57.074+0200][gc,start     ] GC(1) Pause Young (Concurrent Start) (Metadata GC Threshold)
[2021-01-19T02:43:57.074+0200][gc,task      ] GC(1) Using 8 workers of 8 for evacuation
[2021-01-19T02:43:57.083+0200][gc,phases    ] GC(1)   Pre Evacuate Collection Set: 0.0ms
[2021-01-19T02:43:57.083+0200][gc,phases    ] GC(1)   Evacuate Collection Set: 8.6ms
[2021-01-19T02:43:57.083+0200][gc,phases    ] GC(1)   Post Evacuate Collection Set: 0.4ms
[2021-01-19T02:43:57.083+0200][gc,phases    ] GC(1)   Other: 0.2ms
[2021-01-19T02:43:57.083+0200][gc,heap      ] GC(1) Eden regions: 20->0(50)
[2021-01-19T02:43:57.083+0200][gc,heap      ] GC(1) Survivor regions: 7->1(7)
[2021-01-19T02:43:57.083+0200][gc,heap      ] GC(1) Old regions: 2->9
[2021-01-19T02:43:57.083+0200][gc,heap      ] GC(1) Humongous regions: 0->0
[2021-01-19T02:43:57.083+0200][gc,metaspace ] GC(1) Metaspace: 20585K->20585K(1067008K)
[2021-01-19T02:43:57.083+0200][gc           ] GC(1) Pause Young (Concurrent Start) (Metadata GC Threshold) 27M->8M(1024M) 9.279ms
[2021-01-19T02:43:57.083+0200][gc,cpu       ] GC(1) User=0.04s Sys=0.00s Real=0.00s
[2021-01-19T02:43:57.084+0200][gc           ] GC(2) Concurrent Cycle
[2021-01-19T02:43:57.084+0200][gc,marking   ] GC(2) Concurrent Clear Claimed Marks
[2021-01-19T02:43:57.084+0200][gc,marking   ] GC(2) Concurrent Clear Claimed Marks 0.032ms
[2021-01-19T02:43:57.084+0200][gc,marking   ] GC(2) Concurrent Scan Root Regions
[2021-01-19T02:43:57.084+0200][gc,marking   ] GC(2) Concurrent Scan Root Regions 0.746ms
[2021-01-19T02:43:57.084+0200][gc,marking   ] GC(2) Concurrent Mark (1.633s)
[2021-01-19T02:43:57.084+0200][gc,marking   ] GC(2) Concurrent Mark From Roots
[2021-01-19T02:43:57.085+0200][gc,task      ] GC(2) Using 2 workers of 2 for marking
[2021-01-19T02:43:57.089+0200][gc,marking   ] GC(2) Concurrent Mark From Roots 4.416ms
[2021-01-19T02:43:57.089+0200][gc,marking   ] GC(2) Concurrent Preclean
[2021-01-19T02:43:57.089+0200][gc,marking   ] GC(2) Concurrent Preclean 0.116ms
[2021-01-19T02:43:57.089+0200][gc,marking   ] GC(2) Concurrent Mark (1.633s, 1.637s) 4.574ms
[2021-01-19T02:43:57.089+0200][gc,start     ] GC(2) Pause Remark
[2021-01-19T02:43:57.090+0200][gc,stringtable] GC(2) Cleaned string and symbol table, strings: 5080 processed, 0 removed, symbols: 50687 processed, 42 removed
[2021-01-19T02:43:57.091+0200][gc            ] GC(2) Pause Remark 8M->8M(1024M) 1.612ms
[2021-01-19T02:43:57.091+0200][gc,cpu        ] GC(2) User=0.01s Sys=0.00s Real=0.00s
[2021-01-19T02:43:57.091+0200][gc,marking    ] GC(2) Concurrent Rebuild Remembered Sets
[2021-01-19T02:43:57.094+0200][gc,marking    ] GC(2) Concurrent Rebuild Remembered Sets 3.279ms
[2021-01-19T02:43:57.095+0200][gc,start      ] GC(2) Pause Cleanup
[2021-01-19T02:43:57.095+0200][gc            ] GC(2) Pause Cleanup 9M->9M(1024M) 0.164ms
[2021-01-19T02:43:57.095+0200][gc,cpu        ] GC(2) User=0.00s Sys=0.00s Real=0.00s
[2021-01-19T02:43:57.095+0200][gc,marking    ] GC(2) Concurrent Cleanup for Next Mark
[2021-01-19T02:43:57.099+0200][gc,marking    ] GC(2) Concurrent Cleanup for Next Mark 3.903ms
[2021-01-19T02:43:57.099+0200][gc            ] GC(2) Concurrent Cycle 15.334ms
[2021-01-19T02:43:57.727+0200][gc,start      ] GC(3) Pause Young (Normal) (G1 Evacuation Pause)
[2021-01-19T02:43:57.727+0200][gc,task       ] GC(3) Using 8 workers of 8 for evacuation
[2021-01-19T02:43:57.731+0200][gc,phases     ] GC(3)   Pre Evacuate Collection Set: 0.0ms
[2021-01-19T02:43:57.731+0200][gc,phases     ] GC(3)   Evacuate Collection Set: 4.1ms
[2021-01-19T02:43:57.731+0200][gc,phases     ] GC(3)   Post Evacuate Collection Set: 0.3ms
[2021-01-19T02:43:57.731+0200][gc,phases     ] GC(3)   Other: 0.1ms
[2021-01-19T02:43:57.731+0200][gc,heap       ] GC(3) Eden regions: 50->0(46)
[2021-01-19T02:43:57.731+0200][gc,heap       ] GC(3) Survivor regions: 1->5(7)
[2021-01-19T02:43:57.731+0200][gc,heap       ] GC(3) Old regions: 9->9
[2021-01-19T02:43:57.731+0200][gc,heap       ] GC(3) Humongous regions: 129->129
[2021-01-19T02:43:57.731+0200][gc,metaspace  ] GC(3) Metaspace: 30004K->30004K(1077248K)
[2021-01-19T02:43:57.731+0200][gc            ] GC(3) Pause Young (Normal) (G1 Evacuation Pause) 187M->140M(1024M) 4.625ms
[2021-01-19T02:43:57.731+0200][gc,cpu        ] GC(3) User=0.02s Sys=0.01s Real=0.00s
[2021-01-19T02:44:27.106+0200][gc,start      ] GC(4) Pause Young (Concurrent Start) (Metadata GC Threshold)
[2021-01-19T02:44:27.106+0200][gc,task       ] GC(4) Using 8 workers of 8 for evacuation
[2021-01-19T02:44:27.113+0200][gc,phases     ] GC(4)   Pre Evacuate Collection Set: 0.1ms
[2021-01-19T02:44:27.113+0200][gc,phases     ] GC(4)   Evacuate Collection Set: 5.7ms
[2021-01-19T02:44:27.113+0200][gc,phases     ] GC(4)   Post Evacuate Collection Set: 0.5ms
[2021-01-19T02:44:27.113+0200][gc,phases     ] GC(4)   Other: 0.2ms
[2021-01-19T02:44:27.113+0200][gc,heap       ] GC(4) Eden regions: 22->0(49)
[2021-01-19T02:44:27.113+0200][gc,heap       ] GC(4) Survivor regions: 5->2(7)
[2021-01-19T02:44:27.113+0200][gc,heap       ] GC(4) Old regions: 9->14
[2021-01-19T02:44:27.113+0200][gc,heap       ] GC(4) Humongous regions: 129->129
[2021-01-19T02:44:27.113+0200][gc,metaspace  ] GC(4) Metaspace: 34602K->34602K(1081344K)
[2021-01-19T02:44:27.113+0200][gc            ] GC(4) Pause Young (Concurrent Start) (Metadata GC Threshold) 162M->142M(1024M) 6.665ms
[2021-01-19T02:44:27.113+0200][gc,cpu        ] GC(4) User=0.03s Sys=0.00s Real=0.00s
[2021-01-19T02:44:27.113+0200][gc            ] GC(5) Concurrent Cycle
[2021-01-19T02:44:27.113+0200][gc,marking    ] GC(5) Concurrent Clear Claimed Marks
[2021-01-19T02:44:27.113+0200][gc,marking    ] GC(5) Concurrent Clear Claimed Marks 0.080ms
[2021-01-19T02:44:27.113+0200][gc,marking    ] GC(5) Concurrent Scan Root Regions
[2021-01-19T02:44:27.114+0200][gc,marking    ] GC(5) Concurrent Scan Root Regions 1.098ms
[2021-01-19T02:44:27.114+0200][gc,marking    ] GC(5) Concurrent Mark (31.663s)
[2021-01-19T02:44:27.114+0200][gc,marking    ] GC(5) Concurrent Mark From Roots
[2021-01-19T02:44:27.114+0200][gc,task       ] GC(5) Using 2 workers of 2 for marking
[2021-01-19T02:44:27.126+0200][gc,marking    ] GC(5) Concurrent Mark From Roots 12.230ms
[2021-01-19T02:44:27.126+0200][gc,marking    ] GC(5) Concurrent Preclean
[2021-01-19T02:44:27.127+0200][gc,marking    ] GC(5) Concurrent Preclean 0.183ms
[2021-01-19T02:44:27.127+0200][gc,marking    ] GC(5) Concurrent Mark (31.663s, 31.675s) 12.485ms
[2021-01-19T02:44:27.127+0200][gc,start      ] GC(5) Pause Remark
[2021-01-19T02:44:27.129+0200][gc,stringtable] GC(5) Cleaned string and symbol table, strings: 10086 processed, 11 removed, symbols: 80986 processed, 8 removed
[2021-01-19T02:44:27.130+0200][gc            ] GC(5) Pause Remark 142M->142M(1024M) 2.941ms
[2021-01-19T02:44:27.130+0200][gc,cpu        ] GC(5) User=0.02s Sys=0.00s Real=0.00s
[2021-01-19T02:44:27.130+0200][gc,marking    ] GC(5) Concurrent Rebuild Remembered Sets
[2021-01-19T02:44:27.136+0200][gc,marking    ] GC(5) Concurrent Rebuild Remembered Sets 6.338ms
[2021-01-19T02:44:27.136+0200][gc,start      ] GC(5) Pause Cleanup
[2021-01-19T02:44:27.137+0200][gc            ] GC(5) Pause Cleanup 142M->142M(1024M) 0.154ms
[2021-01-19T02:44:27.137+0200][gc,cpu        ] GC(5) User=0.00s Sys=0.00s Real=0.00s
[2021-01-19T02:44:27.137+0200][gc,marking    ] GC(5) Concurrent Cleanup for Next Mark
[2021-01-19T02:44:27.140+0200][gc,marking    ] GC(5) Concurrent Cleanup for Next Mark 3.874ms
[2021-01-19T02:44:27.141+0200][gc            ] GC(5) Concurrent Cycle 27.561ms
[2021-01-19T02:53:00.001+0200][gc,start      ] GC(6) Pause Young (Normal) (G1 Evacuation Pause)
[2021-01-19T02:53:00.001+0200][gc,task       ] GC(6) Using 8 workers of 8 for evacuation
[2021-01-19T02:53:00.012+0200][gc,phases     ] GC(6)   Pre Evacuate Collection Set: 0.0ms
[2021-01-19T02:53:00.012+0200][gc,phases     ] GC(6)   Evacuate Collection Set: 8.8ms
[2021-01-19T02:53:00.012+0200][gc,phases     ] GC(6)   Post Evacuate Collection Set: 1.8ms
[2021-01-19T02:53:00.012+0200][gc,phases     ] GC(6)   Other: 0.4ms
[2021-01-19T02:53:00.012+0200][gc,heap       ] GC(6) Eden regions: 49->0(47)
[2021-01-19T02:53:00.012+0200][gc,heap       ] GC(6) Survivor regions: 2->4(7)
[2021-01-19T02:53:00.012+0200][gc,heap       ] GC(6) Old regions: 14->14
[2021-01-19T02:53:00.013+0200][gc,heap       ] GC(6) Humongous regions: 129->129
[2021-01-19T02:53:00.013+0200][gc,metaspace  ] GC(6) Metaspace: 40309K->40309K(1085440K)
[2021-01-19T02:53:00.013+0200][gc            ] GC(6) Pause Young (Normal) (G1 Evacuation Pause) 191M->144M(1024M) 11.317ms
[2021-01-19T02:53:00.013+0200][gc,cpu        ] GC(6) User=0.07s Sys=0.00s Real=0.01s
[2021-01-19T03:06:12.353+0200][gc,start      ] GC(7) Pause Young (Normal) (G1 Evacuation Pause)
[2021-01-19T03:06:12.353+0200][gc,task       ] GC(7) Using 8 workers of 8 for evacuation
[2021-01-19T03:06:12.365+0200][gc,phases     ] GC(7)   Pre Evacuate Collection Set: 0.0ms
[2021-01-19T03:06:12.365+0200][gc,phases     ] GC(7)   Evacuate Collection Set: 10.8ms
[2021-01-19T03:06:12.365+0200][gc,phases     ] GC(7)   Post Evacuate Collection Set: 1.5ms
[2021-01-19T03:06:12.365+0200][gc,phases     ] GC(7)   Other: 0.4ms
[2021-01-19T03:06:12.365+0200][gc,heap       ] GC(7) Eden regions: 47->0(45)
[2021-01-19T03:06:12.365+0200][gc,heap       ] GC(7) Survivor regions: 4->6(7)
[2021-01-19T03:06:12.365+0200][gc,heap       ] GC(7) Old regions: 14->14
[2021-01-19T03:06:12.365+0200][gc,heap       ] GC(7) Humongous regions: 129->129
[2021-01-19T03:06:12.365+0200][gc,metaspace  ] GC(7) Metaspace: 41137K->41137K(1087488K)
[2021-01-19T03:06:12.366+0200][gc            ] GC(7) Pause Young (Normal) (G1 Evacuation Pause) 191M->146M(1024M) 12.974ms
[2021-01-19T03:06:12.366+0200][gc,cpu        ] GC(7) User=0.09s Sys=0.00s Real=0.02s
[2021-01-19T03:07:25.376+0200][gc,heap,exit  ] Heap
[2021-01-19T03:07:25.376+0200][gc,heap,exit  ]  garbage-first heap   total 1048576K, used 163456K [0x00000000c0000000, 0x0000000100000000)
[2021-01-19T03:07:25.376+0200][gc,heap,exit  ]   region size 1024K, 20 young (20480K), 6 survivors (6144K)
[2021-01-19T03:07:25.376+0200][gc,heap,exit  ]  Metaspace       used 41900K, capacity 44107K, committed 44160K, reserved 1087488K
[2021-01-19T03:07:25.376+0200][gc,heap,exit  ]   class space    used 5181K, capacity 6234K, committed 6272K, reserved 1048576K
