[2021-01-30T07:52:02.185+0200][gc,heap] Heap region size: 1M
[2021-01-30T07:52:02.201+0200][gc     ] Using G1
[2021-01-30T07:52:02.201+0200][gc,heap,coops] Heap address: 0x00000000e0000000, size: 512 MB, Compressed Oops mode: 32-bit
[2021-01-30T07:52:02.201+0200][gc,cds       ] Mark closed archive regions in map: [0x00000000fff00000, 0x00000000fff6aff8]
[2021-01-30T07:52:02.202+0200][gc,cds       ] Mark open archive regions in map: [0x00000000ffe00000, 0x00000000ffe46ff8]
[2021-01-30T07:53:31.667+0200][gc,start     ] GC(0) Pause Young (Normal) (G1 Evacuation Pause)
[2021-01-30T07:53:31.668+0200][gc,task      ] GC(0) Using 8 workers of 8 for evacuation
[2021-01-30T07:53:31.679+0200][gc,phases    ] GC(0)   Pre Evacuate Collection Set: 0.0ms
[2021-01-30T07:53:31.679+0200][gc,phases    ] GC(0)   Evacuate Collection Set: 10.6ms
[2021-01-30T07:53:31.679+0200][gc,phases    ] GC(0)   Post Evacuate Collection Set: 0.5ms
[2021-01-30T07:53:31.679+0200][gc,phases    ] GC(0)   Other: 1.0ms
[2021-01-30T07:53:31.679+0200][gc,heap      ] GC(0) Eden regions: 25->0(21)
[2021-01-30T07:53:31.679+0200][gc,heap      ] GC(0) Survivor regions: 0->4(4)
[2021-01-30T07:53:31.679+0200][gc,heap      ] GC(0) Old regions: 2->4
[2021-01-30T07:53:31.679+0200][gc,heap      ] GC(0) Humongous regions: 0->0
[2021-01-30T07:53:31.679+0200][gc,metaspace ] GC(0) Metaspace: 7602K->7602K(1056768K)
[2021-01-30T07:53:31.679+0200][gc           ] GC(0) Pause Young (Normal) (G1 Evacuation Pause) 25M->5M(512M) 12.174ms
[2021-01-30T07:53:31.679+0200][gc,cpu       ] GC(0) User=0.07s Sys=0.01s Real=0.01s
[2021-01-30T16:55:48.081+0200][gc,start     ] GC(1) Pause Young (Normal) (G1 Evacuation Pause)
[2021-01-30T16:55:48.081+0200][gc,task      ] GC(1) Using 8 workers of 8 for evacuation
[2021-01-30T16:55:48.097+0200][gc,phases    ] GC(1)   Pre Evacuate Collection Set: 0.0ms
[2021-01-30T16:55:48.097+0200][gc,phases    ] GC(1)   Evacuate Collection Set: 14.2ms
[2021-01-30T16:55:48.097+0200][gc,phases    ] GC(1)   Post Evacuate Collection Set: 1.0ms
[2021-01-30T16:55:48.097+0200][gc,phases    ] GC(1)   Other: 0.4ms
[2021-01-30T16:55:48.097+0200][gc,heap      ] GC(1) Eden regions: 21->0(24)
[2021-01-30T16:55:48.097+0200][gc,heap      ] GC(1) Survivor regions: 4->1(4)
[2021-01-30T16:55:48.097+0200][gc,heap      ] GC(1) Old regions: 4->8
[2021-01-30T16:55:48.097+0200][gc,heap      ] GC(1) Humongous regions: 0->0
[2021-01-30T16:55:48.097+0200][gc,metaspace ] GC(1) Metaspace: 8346K->8346K(1056768K)
[2021-01-30T16:55:48.097+0200][gc           ] GC(1) Pause Young (Normal) (G1 Evacuation Pause) 26M->6M(512M) 15.893ms
[2021-01-30T16:55:48.097+0200][gc,cpu       ] GC(1) User=0.11s Sys=0.00s Real=0.02s
